
==========
== CUDA ==
==========

CUDA Version 12.1.1

Container image Copyright (c) 2016-2023, NVIDIA CORPORATION & AFFILIATES. All rights reserved.

This container image and its contents are governed by the NVIDIA Deep Learning Container License.
By pulling and using the container, you accept the terms and conditions of this license:
https://developer.nvidia.com/ngc/nvidia-deep-learning-container-license

A copy of this license is made available in this container at /NGC-DL-CONTAINER-LICENSE for your convenience.

{
  "status": "PASS",
  "run_dir": "/results/t43-parallel-pass",
  "payload_count": 2,
  "trajectory_count": 2,
  "advantages": {
    "cfg-654d0da92722-ep00000__attempt1": -1.0,
    "cfg-8628bed522cc-ep00000__attempt1": 1.0
  },
  "reset": {
    "cleared_trajs": 0,
    "cleared_chunks": 0
  },
  "imports": [
    {
      "schema": "grpo-trainer-store-v1",
      "imported_trajectory_ids": [
        "cfg-654d0da92722-ep00000__attempt1"
      ],
      "n_chunks": 16,
      "optimizer_update_requested": false
    },
    {
      "schema": "grpo-trainer-store-v1",
      "imported_trajectory_ids": [
        "cfg-8628bed522cc-ep00000__attempt1"
      ],
      "n_chunks": 12,
      "optimizer_update_requested": false
    }
  ],
  "store_before_update": {
    "n_trajs": 2,
    "n_chunks": 28,
    "chunks_by_traj": {
      "cfg-654d0da92722-ep00000__attempt1": 16,
      "cfg-8628bed522cc-ep00000__attempt1": 12
    },
    "free_gb": 14.27,
    "allocated_gb": 10.19,
    "peak_allocated_gb": 10.41
  },
  "update": {
    "loss": 0.14309391379356384,
    "n_chunks": 28,
    "n_dropped": 0,
    "grad_norm": 0.050537109375,
    "mean_ratio": 0.9999933786956328,
    "mean_kl": 0.00014759279743191742,
    "update_epochs": 2,
    "epoch0_mean_ratio": 1.0,
    "epochs_completed": 2,
    "early_stopped_target_kl": false,
    "epochLast_mean_ratio": 0.9999933786956328,
    "epochLast_clip_fraction": 0.006138392857142857,
    "epoch_stats": [
      {
        "epoch": 0,
        "loss": 0.14285714285714285,
        "n_chunks": 28,
        "n_dropped": 0,
        "n_nonfinite": 0,
        "mean_ratio": 1.0,
        "mean_abs_logratio": 0.0,
        "clip_fraction": 0.0,
        "mean_kl": 0.0,
        "grad_norm": 0.046875,
        "ess": 1.0,
        "n_ratio_terms": 5376,
        "early_stop_target_kl": false
      },
      {
        "epoch": 1,
        "loss": 0.14309391379356384,
        "n_chunks": 28,
        "n_dropped": 0,
        "n_nonfinite": 0,
        "mean_ratio": 0.9999933786956328,
        "mean_abs_logratio": 0.003609434889984273,
        "clip_fraction": 0.006138392857142857,
        "mean_kl": 0.00014759279743191742,
        "grad_norm": 0.050537109375,
        "ess": 0.9997067189194196,
        "n_ratio_terms": 5376,
        "early_stop_target_kl": false
      }
    ],
    "adapter_delta_l2": 0.01762840710580349,
    "adapter_delta_linf": 2.014636993408203e-05,
    "adapter_delta_rel": 0.0010392800647300317,
    "peak_mem_gb": 10.47,
    "post_step_mean_ratio": 0.9995080458124913,
    "post_step_mean_abs_ratio_dev": 0.004148207698921273,
    "post_step_clip_fraction": 0.0078125,
    "post_step_mean_kl": 0.00018408556295609617,
    "post_step_ess": 0.9996361935893102,
    "post_step_n_chunks": 28,
    "post_step_n_ratio_terms": 5376,
    "post_step_n_nonfinite": 0,
    "post_step_n_dropped": 0,
    "replayed_update": false,
    "curriculum_state": null
  },
  "update_gate": {
    "pass": true,
    "checks": {
      "new_update_not_replay": true,
      "adapter_delta_positive": true,
      "no_nonfinite": true,
      "no_dropped": true,
      "epoch0_ratio_one": true
    },
    "epoch0_mean_ratio": 1.0,
    "nonfinite": 0,
    "dropped": 0
  },
  "saved": {
    "saved": "/results/t43-parallel-pass/consume_smoke/checkpoint.pt",
    "n_lora": 216,
    "n_extra": 0,
    "has_optimizer": true,
    "has_rng": true,
    "metadata": {
      "schema_version": 2,
      "adapter_skills": [
        "grasp",
        "move_holding",
        "place"
      ],
      "targets": [
        "dit.layers.0.attn.qkv_proj",
        "dit.layers.1.attn.qkv_proj",
        "dit.layers.2.attn.qkv_proj",
        "dit.layers.3.attn.qkv_proj",
        "dit.layers.4.attn.qkv_proj",
        "dit.layers.5.attn.qkv_proj",
        "dit.layers.6.attn.qkv_proj",
        "dit.layers.7.attn.qkv_proj",
        "dit.layers.8.attn.qkv_proj",
        "dit.layers.9.attn.qkv_proj",
        "dit.layers.10.attn.qkv_proj",
        "dit.layers.11.attn.qkv_proj",
        "dit.layers.12.attn.qkv_proj",
        "dit.layers.13.attn.qkv_proj",
        "dit.layers.14.attn.qkv_proj",
        "dit.layers.15.attn.qkv_proj",
        "dit.layers.16.attn.qkv_proj",
        "dit.layers.17.attn.qkv_proj",
        "dit.layers.18.attn.qkv_proj",
        "dit.layers.19.attn.qkv_proj",
        "dit.layers.20.attn.qkv_proj",
        "dit.layers.21.attn.qkv_proj",
        "dit.layers.22.attn.qkv_proj",
        "dit.layers.23.attn.qkv_proj",
        "dit.layers.24.attn.qkv_proj",
        "dit.layers.25.attn.qkv_proj",
        "dit.layers.26.attn.qkv_proj",
        "dit.layers.27.attn.qkv_proj",
        "dit.layers.28.attn.qkv_proj",
        "dit.layers.29.attn.qkv_proj",
        "dit.layers.30.attn.qkv_proj",
        "dit.layers.31.attn.qkv_proj",
        "dit.layers.32.attn.qkv_proj",
        "dit.layers.33.attn.qkv_proj",
        "dit.layers.34.attn.qkv_proj",
        "dit.layers.35.attn.qkv_proj"
      ],
      "rank": 8,
      "alpha": 32,
      "base_model": "/checkpoint",
      "sampler": "pirl",
      "config": {
        "model": "/checkpoint",
        "train_source_manifest": "/results/t43-parallel/provenance/train.json",
        "env_source_manifest": "/results/t43-parallel/provenance/env.json",
        "host": "127.0.0.1",
        "port": 10088,
        "lr": 1e-05,
        "optimizer": "adamw",
        "weight_decay": 0.0,
        "train_mode": "adapter_only",
        "rank": 8,
        "alpha": 32,
        "adapter_skills": "grasp,move_holding,place",
        "expert_lr": null,
        "anchor_coef": 0.0,
        "lora_targets": "qkv_proj",
        "num_steps": 5,
        "sampler": "pirl",
        "eta": 0.1,
        "replan_steps": 16,
        "real_action_dim": 12,
        "clip": 0.1,
        "kl_coef": 0.005,
        "ratio_max": 10.0,
        "adv_clip": 3.0,
        "grad_clip": 0.5,
        "update_epochs": 1,
        "target_kl": null,
        "grad_checkpoint": true,
        "source_commit": "e79e7f2272c4325cae23139a84ec5c8f85641bc4",
        "source_manifest_sha256": "7918f1e8340e569ba88e5a9ab54ee57808c71b94faa264c53b65040c645e42f8"
      },
      "source_commit": "e79e7f2272c4325cae23139a84ec5c8f85641bc4",
      "source_manifest_sha256": "7918f1e8340e569ba88e5a9ab54ee57808c71b94faa264c53b65040c645e42f8",
      "update_index": 1
    },
    "data_hash": null,
    "model_rev": null
  },
  "loaded": {
    "loaded": "/results/t43-parallel-pass/consume_smoke/checkpoint.pt",
    "n_tensors": 216,
    "n_extra": 0,
    "metadata": {
      "schema_version": 2,
      "adapter_skills": [
        "grasp",
        "move_holding",
        "place"
      ],
      "targets": [
        "dit.layers.0.attn.qkv_proj",
        "dit.layers.1.attn.qkv_proj",
        "dit.layers.2.attn.qkv_proj",
        "dit.layers.3.attn.qkv_proj",
        "dit.layers.4.attn.qkv_proj",
        "dit.layers.5.attn.qkv_proj",
        "dit.layers.6.attn.qkv_proj",
        "dit.layers.7.attn.qkv_proj",
        "dit.layers.8.attn.qkv_proj",
        "dit.layers.9.attn.qkv_proj",
        "dit.layers.10.attn.qkv_proj",
        "dit.layers.11.attn.qkv_proj",
        "dit.layers.12.attn.qkv_proj",
        "dit.layers.13.attn.qkv_proj",
        "dit.layers.14.attn.qkv_proj",
        "dit.layers.15.attn.qkv_proj",
        "dit.layers.16.attn.qkv_proj",
        "dit.layers.17.attn.qkv_proj",
        "dit.layers.18.attn.qkv_proj",
        "dit.layers.19.attn.qkv_proj",
        "dit.layers.20.attn.qkv_proj",
        "dit.layers.21.attn.qkv_proj",
        "dit.layers.22.attn.qkv_proj",
        "dit.layers.23.attn.qkv_proj",
        "dit.layers.24.attn.qkv_proj",
        "dit.layers.25.attn.qkv_proj",
        "dit.layers.26.attn.qkv_proj",
        "dit.layers.27.attn.qkv_proj",
        "dit.layers.28.attn.qkv_proj",
        "dit.layers.29.attn.qkv_proj",
        "dit.layers.30.attn.qkv_proj",
        "dit.layers.31.attn.qkv_proj",
        "dit.layers.32.attn.qkv_proj",
        "dit.layers.33.attn.qkv_proj",
        "dit.layers.34.attn.qkv_proj",
        "dit.layers.35.attn.qkv_proj"
      ],
      "rank": 8,
      "alpha": 32,
      "base_model": "/checkpoint",
      "sampler": "pirl",
      "config": {
        "model": "/checkpoint",
        "train_source_manifest": "/results/t43-parallel/provenance/train.json",
        "env_source_manifest": "/results/t43-parallel/provenance/env.json",
        "host": "127.0.0.1",
        "port": 10088,
        "lr": 1e-05,
        "optimizer": "adamw",
        "weight_decay": 0.0,
        "train_mode": "adapter_only",
        "rank": 8,
        "alpha": 32,
        "adapter_skills": "grasp,move_holding,place",
        "expert_lr": null,
        "anchor_coef": 0.0,
        "lora_targets": "qkv_proj",
        "num_steps": 5,
        "sampler": "pirl",
        "eta": 0.1,
        "replan_steps": 16,
        "real_action_dim": 12,
        "clip": 0.1,
        "kl_coef": 0.005,
        "ratio_max": 10.0,
        "adv_clip": 3.0,
        "grad_clip": 0.5,
        "update_epochs": 1,
        "target_kl": null,
        "grad_checkpoint": true,
        "source_commit": "e79e7f2272c4325cae23139a84ec5c8f85641bc4",
        "source_manifest_sha256": "7918f1e8340e569ba88e5a9ab54ee57808c71b94faa264c53b65040c645e42f8"
      },
      "source_commit": "e79e7f2272c4325cae23139a84ec5c8f85641bc4",
      "source_manifest_sha256": "7918f1e8340e569ba88e5a9ab54ee57808c71b94faa264c53b65040c645e42f8",
      "update_index": 1
    }
  },
  "checkpoint_reloadable": true,
  "checkpoint": "/results/t43-parallel-pass/consume_smoke/checkpoint.pt",
  "elapsed_seconds": 41.24642753601074
}
